
> web@0.0.0 dev /Users/adelin/Projects/Platform/new-ui/apps/web
> vite


  [32m[1mVITE[22m v8.1.5[39m  [2mready in [0m[1m289[22m[2m[0m ms[22m

  [32m➜[39m  [1mLocal[22m:   [36mhttp://localhost:[1m5173[22m/[39m
[2m  [32m➜[39m  [1mNetwork[22m[2m: use [22m[1m--host[22m[2m to expose[22m
[2m11:28:51 PM[22m [36m[1m[vite][22m[39m [90m[2m(client)[22m[39m [32mhmr update [39m[2m/src/index.css[22m
[2m11:29:12 PM[22m [36m[1m[vite][22m[39m [90m[2m(client)[22m[39m [32mhmr update [39m[2m/src/index.css[22m
[2m2:24:53 AM[22m [36m[1m[vite][22m[39m [90m[2m(client)[22m[39m [32mhmr update [39m[2m/src/app/guard.tsx, /src/app/routes/auth-callback.tsx, /src/app/routes/home.tsx, /src/app/builder/canvas.tsx, /src/app/builder/graph/editor.tsx, /src/app/admin/shell.tsx, /src/app/blocks/onboard.tsx, /src/app/nav.tsx, /src/index.css[22m
[2m2:25:23 AM[22m [36m[1m[vite][22m[39m [90m[2m(client)[22m[39m [32mhmr update [39m[2m/src/index.css, /src/app/builder/graph/editor.tsx, /src/app/blocks/onboard.tsx, /src/app/builder/graph/palette.tsx, /src/app/builder/graph/canvas.tsx, /src/app/builder/graph/preview.tsx, /src/app/builder/graph/inspector.tsx[22m
[2m2:26:10 AM[22m [36m[1m[vite][22m[39m [90m[2m(client)[22m[39m [32mhmr update [39m[2m/src/app/blocks/onboard.tsx, /src/index.css[22m
[2m2:26:24 AM[22m [36m[1m[vite][22m[39m [90m[2m(client)[22m[39m [32mhmr update [39m[2m/src/index.css, /src/app/builder/canvas.tsx, /src/app/builder/graph/editor.tsx, /src/app/services/mine.tsx, /src/app/services/onboarding-queue.tsx[22m
[2m2:26:36 AM[22m [36m[1m[vite][22m[39m [90m[2m(client)[22m[39m [32mhmr update [39m[2m/src/app/routes/requests/new.tsx, /src/index.css[22m
[2m2:26:44 AM[22m [36m[1m[vite][22m[39m [90m[2m(client)[22m[39m [32mhmr update [39m[2m/src/app/routes/requests/new.tsx, /src/index.css[22m
[2m2:27:25 AM[22m [36m[1m[vite][22m[39m [90m[2m(client)[22m[39m [32mhmr update [39m[2m/src/index.css[22m
[2m2:44:58 AM[22m [36m[1m[vite][22m[39m [90m[2m(client)[22m[39m [32mhmr update [39m[2m/src/index.css[22m
[2m2:45:03 AM[22m [36m[1m[vite][22m[39m [90m[2m(client)[22m[39m [32mhmr update [39m[2m/src/index.css, /src/app/builder/graph/editor.tsx, /src/app/blocks/onboard.tsx, /src/app/builder/graph/palette.tsx, /src/app/builder/graph/canvas.tsx, /src/app/builder/graph/preview.tsx, /src/app/builder/graph/inspector.tsx[22m
[2m2:45:10 AM[22m [36m[1m[vite][22m[39m [90m[2m(client)[22m[39m [32mhmr update [39m[2m/src/index.css, /src/app/builder/graph/editor.tsx, /src/app/blocks/onboard.tsx, /src/app/builder/graph/palette.tsx, /src/app/builder/graph/canvas.tsx, /src/app/builder/graph/preview.tsx, /src/app/builder/graph/inspector.tsx[22m
[2m2:46:08 AM[22m [36m[1m[vite][22m[39m [90m[2m(client)[22m[39m [32mhmr update [39m[2m/src/app/blocks/onboard.tsx, /src/index.css[22m
[2m2:46:21 AM[22m [36m[1m[vite][22m[39m [90m[2m(client)[22m[39m [32mhmr update [39m[2m/src/index.css[22m
[2m2:51:48 AM[22m [36m[1m[vite][22m[39m [90m[2m(client)[22m[39m [32mhmr update [39m[2m/src/app/routes/resources/detail.tsx, /src/index.css[22m
[2m2:51:57 AM[22m [36m[1m[vite][22m[39m [90m[2m(client)[22m[39m [32mhmr update [39m[2m/src/app/routes/resources/detail.tsx, /src/index.css[22m
[2m2:52:01 AM[22m [36m[1m[vite][22m[39m [90m[2m(client)[22m[39m [32mhmr update [39m[2m/src/router.tsx, /src/index.css[22m
[2m2:52:02 AM[22m [36m[1m[vite][22m[39m [90m[2m(client)[22m[39m [33mhmr invalidate [39m[2m/src/router.tsx[22m Could not Fast Refresh ("router" export is incompatible). Learn more at https://github.com/vitejs/vite-plugin-react/tree/main/packages/plugin-react#consistent-components-exports
[2m2:52:02 AM[22m [36m[1m[vite][22m[39m [90m[2m(client)[22m[39m [32mpage reload [39m[2msrc/router.tsx[22m
[2m2:52:07 AM[22m [36m[1m[vite][22m[39m [90m[2m(client)[22m[39m [32mhmr update [39m[2m/src/router.tsx, /src/index.css[22m
[2m2:52:07 AM[22m [36m[1m[vite][22m[39m [90m[2m(client)[22m[39m [33mhmr invalidate [39m[2m/src/router.tsx[22m Could not Fast Refresh ("router" export is incompatible). Learn more at https://github.com/vitejs/vite-plugin-react/tree/main/packages/plugin-react#consistent-components-exports
[2m2:52:07 AM[22m [36m[1m[vite][22m[39m [90m[2m(client)[22m[39m [32mpage reload [39m[2msrc/router.tsx[22m
[2m2:52:10 AM[22m [36m[1m[vite][22m[39m [90m[2m(client)[22m[39m [32mhmr update [39m[2m/src/router.tsx, /src/index.css[22m
[2m2:52:10 AM[22m [36m[1m[vite][22m[39m [90m[2m(client)[22m[39m [33mhmr invalidate [39m[2m/src/router.tsx[22m Could not Fast Refresh ("router" export is incompatible). Learn more at https://github.com/vitejs/vite-plugin-react/tree/main/packages/plugin-react#consistent-components-exports
[2m2:52:10 AM[22m [36m[1m[vite][22m[39m [90m[2m(client)[22m[39m [32mpage reload [39m[2msrc/router.tsx[22m
[2m2:52:14 AM[22m [36m[1m[vite][22m[39m [90m[2m(client)[22m[39m [32mhmr update [39m[2m/src/app/routes/resources/list.tsx, /src/index.css[22m
[2m2:52:17 AM[22m [36m[1m[vite][22m[39m [90m[2m(client)[22m[39m [32mhmr update [39m[2m/src/app/routes/resources/list.tsx, /src/index.css[22m
[2m2:53:26 AM[22m [36m[1m[vite][22m[39m [90m[2m(client)[22m[39m [32mhmr update [39m[2m/src/index.css[22m
[2m2:53:28 AM[22m [36m[1m[vite][22m[39m [90m[2m(client)[22m[39m [32mhmr update [39m[2m/src/index.css[22m
[2m2:53:30 AM[22m [36m[1m[vite][22m[39m [90m[2m(client)[22m[39m [32mhmr update [39m[2m/src/index.css[22m
[2m2:53:32 AM[22m [36m[1m[vite][22m[39m [90m[2m(client)[22m[39m [32mhmr update [39m[2m/src/index.css[22m
[2m2:53:34 AM[22m [36m[1m[vite][22m[39m [90m[2m(client)[22m[39m [32mhmr update [39m[2m/src/index.css[22m
[2m3:00:11 AM[22m [36m[1m[vite][22m[39m [90m[2m(client)[22m[39m [32mhmr update [39m[2m/src/index.css, /src/app/admin/requests.tsx, /src/app/admin/overview.tsx, /src/app/admin/workflows.tsx, /src/app/admin/rbac.tsx, /src/app/admin/option-sources.tsx, /src/app/admin/services.tsx[22m
[2m3:00:50 AM[22m [36m[1m[vite][22m[39m [90m[2m(client)[22m[39m [32mhmr update [39m[2m/src/app/admin/shell.tsx, /src/index.css[22m
[2m3:09:08 AM[22m [36m[1m[vite][22m[39m [90m[2m(client)[22m[39m [32mhmr update [39m[2m/src/app/blocks/onboard.tsx, /src/index.css[22m
[2m3:09:09 AM[22m [31m[1m[vite][22m[39m [31m[2m(client)[22m[39m [2m[console.error] [22mBlockForm@http://localhost:5173/src/app/blocks/onboard.tsx?t=1784938148595:471:41
react_stack_bottom_frame@http://localhost:5173/node_modules/.vite/deps/react-dom_client.js?v=1ded1bff:12866:12
renderWithHooks@http://localhost:5173/node_modules/.vite/deps/react-dom_client.js?v=1ded1bff:4213:37
updateFunctionComponent@http://localhost:5173/node_modules/.vite/deps/react-dom_client.js?v=1ded1bff:5569:16
beginWork@http://localhost:5173/node_modules/.vite/deps/react-dom_client.js?v=1ded1bff:6140:20
runWithFiberInDEV@http://localhost:5173/node_modules/.vite/deps/react-dom_client.js?v=1ded1bff:851:123
performUnitOfWork@http://localhost:5173/node_modules/.vite/deps/react-dom_client.js?v=1ded1bff:8429:92
workLoopSync@http://localhost:5173/node_modules/.vite/deps/react-dom_client.js?v=1ded1bff:8325:54
renderRootSync@http://localhost:5173/node_modules/.vite/deps/react-dom_client.js?v=1ded1bff:8309:6
performWorkOnRoot@http://localhost:5173/node_modules/.vite/deps/react-dom_client.js?v=1ded1bff:7994:27
performSyncWorkOnRoot@http://localhost:5173/node_modules/.vite/deps/react-dom_client.js?v=1ded1bff:9067:21
flushSyncWorkAcrossRoots_impl@http://localhost:5173/node_modules/.vite/deps/react-dom_client.js?v=1ded1bff:8984:302
flushSyncWork$1@http://localhost:5173/node_modules/.vite/deps/react-dom_client.js?v=1ded1bff:8122:81
scheduleRefresh@http://localhost:5173/node_modules/.vite/deps/react-dom_client.js?v=1ded1bff:328:5
performReactRefresh/<@http://localhost:5173/@react-refresh:228:17
performReactRefresh@http://localhost:5173/@react-refresh:217:26
enqueueUpdate<@http://localhost:5173/@react-refresh:604:3


The above error occurred in the <BlockForm> component.

React will try to recreate this component tree from scratch using the error boundary you provided, CatchBoundaryImpl.

[2m3:09:09 AM[22m [33m[1m[vite][22m[39m [33m[2m(client)[22m[39m [2m[console.warn] [22mWarning: The following error wasn't caught by any route! At the very least, consider setting an 'errorComponent' in your RootRoute!
[2m3:09:09 AM[22m [33m[1m[vite][22m[39m [33m[2m(client)[22m[39m [2m[console.warn] [22mWarning: EmojiPicker is not defined
[2m3:09:13 AM[22m [36m[1m[vite][22m[39m [90m[2m(client)[22m[39m [32mhmr update [39m[2m/src/app/blocks/onboard.tsx, /src/index.css[22m
[2m3:09:14 AM[22m [31m[1m[vite][22m[39m [31m[2m(client)[22m[39m [2m[console.error] [22mBlockForm@http://localhost:5173/src/app/blocks/onboard.tsx?t=1784938153748:471:41
react_stack_bottom_frame@http://localhost:5173/node_modules/.vite/deps/react-dom_client.js?v=1ded1bff:12866:12
renderWithHooks@http://localhost:5173/node_modules/.vite/deps/react-dom_client.js?v=1ded1bff:4213:37
updateFunctionComponent@http://localhost:5173/node_modules/.vite/deps/react-dom_client.js?v=1ded1bff:5569:16
beginWork@http://localhost:5173/node_modules/.vite/deps/react-dom_client.js?v=1ded1bff:6140:20
runWithFiberInDEV@http://localhost:5173/node_modules/.vite/deps/react-dom_client.js?v=1ded1bff:851:123
performUnitOfWork@http://localhost:5173/node_modules/.vite/deps/react-dom_client.js?v=1ded1bff:8429:92
workLoopSync@http://localhost:5173/node_modules/.vite/deps/react-dom_client.js?v=1ded1bff:8325:54
renderRootSync@http://localhost:5173/node_modules/.vite/deps/react-dom_client.js?v=1ded1bff:8309:6
performWorkOnRoot@http://localhost:5173/node_modules/.vite/deps/react-dom_client.js?v=1ded1bff:7994:27
performSyncWorkOnRoot@http://localhost:5173/node_modules/.vite/deps/react-dom_client.js?v=1ded1bff:9067:21
flushSyncWorkAcrossRoots_impl@http://localhost:5173/node_modules/.vite/deps/react-dom_client.js?v=1ded1bff:8984:302
flushSyncWork$1@http://localhost:5173/node_modules/.vite/deps/react-dom_client.js?v=1ded1bff:8122:81
scheduleRefresh@http://localhost:5173/node_modules/.vite/deps/react-dom_client.js?v=1ded1bff:328:5
performReactRefresh/<@http://localhost:5173/@react-refresh:228:17
performReactRefresh@http://localhost:5173/@react-refresh:217:26
enqueueUpdate<@http://localhost:5173/@react-refresh:604:3


The above error occurred in the <BlockForm> component.

React will try to recreate this component tree from scratch using the error boundary you provided, CatchBoundaryImpl.

[2m3:09:14 AM[22m [33m[1m[vite][22m[39m [33m[2m(client)[22m[39m [2m[console.warn] [22mWarning: The following error wasn't caught by any route! At the very least, consider setting an 'errorComponent' in your RootRoute!
[2m3:09:14 AM[22m [33m[1m[vite][22m[39m [33m[2m(client)[22m[39m [2m[console.warn] [22mWarning: EmojiPicker is not defined
[2m3:09:23 AM[22m [36m[1m[vite][22m[39m [90m[2m(client)[22m[39m [32mhmr update [39m[2m/src/app/blocks/onboard.tsx, /src/index.css[22m
[2m3:09:32 AM[22m [36m[1m[vite][22m[39m [90m[2m(client)[22m[39m [32mhmr update [39m[2m/src/app/blocks/onboard.tsx, /src/index.css[22m
[2m3:09:55 AM[22m [36m[1m[vite][22m[39m [90m[2m(client)[22m[39m [32mhmr update [39m[2m/src/app/blocks/onboard.tsx, /src/index.css[22m
[2m3:34:53 AM[22m [36m[1m[vite][22m[39m [90m[2m(client)[22m[39m [32mhmr update [39m[2m/src/index.css, /src/app/builder/canvas.tsx, /src/app/builder/graph/editor.tsx, /src/app/services/mine.tsx, /src/app/services/onboarding-queue.tsx, /src/app/routes/requests/new.tsx, /src/app/routes/resources/import.tsx[22m
[2m3:35:00 AM[22m [36m[1m[vite][22m[39m [90m[2m(client)[22m[39m [32mhmr update [39m[2m/src/index.css, /src/app/builder/canvas.tsx, /src/app/builder/graph/editor.tsx, /src/app/services/mine.tsx, /src/app/services/onboarding-queue.tsx, /src/app/routes/requests/new.tsx, /src/app/routes/resources/import.tsx[22m
[2m3:35:22 AM[22m [36m[1m[vite][22m[39m [90m[2m(client)[22m[39m [32mhmr update [39m[2m/src/index.css[22m
[2m3:35:28 AM[22m [36m[1m[vite][22m[39m [90m[2m(client)[22m[39m [32mhmr update [39m[2m/src/index.css[22m
[2m3:35:32 AM[22m [36m[1m[vite][22m[39m [90m[2m(client)[22m[39m [32mhmr update [39m[2m/src/app/builder/graph/editor.tsx, /src/index.css[22m
[2m3:35:37 AM[22m [36m[1m[vite][22m[39m [90m[2m(client)[22m[39m [32mhmr update [39m[2m/src/app/builder/graph/editor.tsx, /src/index.css[22m
[2m3:35:42 AM[22m [36m[1m[vite][22m[39m [90m[2m(client)[22m[39m [32mhmr update [39m[2m/src/app/builder/graph/editor.tsx, /src/index.css[22m
[2m3:35:48 AM[22m [36m[1m[vite][22m[39m [90m[2m(client)[22m[39m [32mhmr update [39m[2m/src/app/builder/graph/editor.tsx, /src/index.css[22m
[2m3:36:05 AM[22m [36m[1m[vite][22m[39m [90m[2m(client)[22m[39m [32mhmr update [39m[2m/src/index.css[22m
[2m3:36:45 AM[22m [36m[1m[vite][22m[39m [90m[2m(client)[22m[39m [32mhmr update [39m[2m/src/index.css[22m
